/home/autroboracer/ros2_ws/src/roboracer-autodrive/install/localization/lib/python3.10/site-packages/localization/__init__.py
/home/autroboracer/ros2_ws/src/roboracer-autodrive/install/localization/lib/python3.10/site-packages/localization/__pycache__/__init__.cpython-310.pyc
/home/autroboracer/ros2_ws/src/roboracer-autodrive/install/localization/share/ament_index/resource_index/packages/localization
/home/autroboracer/ros2_ws/src/roboracer-autodrive/install/localization/share/localization/package.xml
/home/autroboracer/ros2_ws/src/roboracer-autodrive/install/localization/share/localization/launch/amcl_launch.py
/home/autroboracer/ros2_ws/src/roboracer-autodrive/install/localization/share/localization/launch/slam_launch.py
/home/autroboracer/ros2_ws/src/roboracer-autodrive/install/localization/share/localization/launch/cartographer_launch.py
/home/autroboracer/ros2_ws/src/roboracer-autodrive/install/localization/share/localization/launch/hector_launch.py
/home/autroboracer/ros2_ws/src/roboracer-autodrive/install/localization/share/localization/launch/rtabmap_launch.py
/home/autroboracer/ros2_ws/src/roboracer-autodrive/install/localization/share/localization/config/amcl_config.yaml
/home/autroboracer/ros2_ws/src/roboracer-autodrive/install/localization/share/localization/config/slam_config.yaml
/home/autroboracer/ros2_ws/src/roboracer-autodrive/install/localization/share/localization/config/cartographer_config.lua
/home/autroboracer/ros2_ws/src/roboracer-autodrive/install/localization/share/localization/config/hector_config.yaml
/home/autroboracer/ros2_ws/src/roboracer-autodrive/install/localization/share/localization/config/rtabmap_config.yaml
/home/autroboracer/ros2_ws/src/roboracer-autodrive/install/localization/share/localization/maps/map5.yaml
/home/autroboracer/ros2_ws/src/roboracer-autodrive/install/localization/share/localization/maps/map5.pgm
/home/autroboracer/ros2_ws/src/roboracer-autodrive/install/localization/lib/python3.10/site-packages/localization-0.0.0-py3.10.egg-info/dependency_links.txt
/home/autroboracer/ros2_ws/src/roboracer-autodrive/install/localization/lib/python3.10/site-packages/localization-0.0.0-py3.10.egg-info/entry_points.txt
/home/autroboracer/ros2_ws/src/roboracer-autodrive/install/localization/lib/python3.10/site-packages/localization-0.0.0-py3.10.egg-info/top_level.txt
/home/autroboracer/ros2_ws/src/roboracer-autodrive/install/localization/lib/python3.10/site-packages/localization-0.0.0-py3.10.egg-info/PKG-INFO
/home/autroboracer/ros2_ws/src/roboracer-autodrive/install/localization/lib/python3.10/site-packages/localization-0.0.0-py3.10.egg-info/zip-safe
/home/autroboracer/ros2_ws/src/roboracer-autodrive/install/localization/lib/python3.10/site-packages/localization-0.0.0-py3.10.egg-info/SOURCES.txt
/home/autroboracer/ros2_ws/src/roboracer-autodrive/install/localization/lib/python3.10/site-packages/localization-0.0.0-py3.10.egg-info/requires.txt
