/usr/lib/python3/dist-packages/setuptools/dist.py:723: UserWarning: Usage of dash-separated 'script-dir' will not be supported in future versions. Please use the underscore name 'script_dir' instead
  warnings.warn(
running egg_info
writing ../build/rl_training/rl_training.egg-info/PKG-INFO
writing dependency_links to ../build/rl_training/rl_training.egg-info/dependency_links.txt
writing entry points to ../build/rl_training/rl_training.egg-info/entry_points.txt
writing requirements to ../build/rl_training/rl_training.egg-info/requires.txt
writing top-level names to ../build/rl_training/rl_training.egg-info/top_level.txt
reading manifest file '../build/rl_training/rl_training.egg-info/SOURCES.txt'
writing manifest file '../build/rl_training/rl_training.egg-info/SOURCES.txt'
running build
running build_py
running install
running install_lib
running install_egg_info
removing '/home/autroboracer/ros2_ws/src/roboracer-autodrive/install/rl_training/lib/python3.10/site-packages/rl_training-0.0.1-py3.10.egg-info' (and everything under it)
Copying ../build/rl_training/rl_training.egg-info to /home/autroboracer/ros2_ws/src/roboracer-autodrive/install/rl_training/lib/python3.10/site-packages/rl_training-0.0.1-py3.10.egg-info
running install_scripts
Installing train_sac script to /home/autroboracer/ros2_ws/src/roboracer-autodrive/install/rl_training/lib/rl_training
writing list of installed files to '/home/autroboracer/ros2_ws/src/roboracer-autodrive/build/rl_training/install.log'
