[0.450s] Invoking command in '/home/autroboracer/ros2_ws/src/roboracer-autodrive/rl_training': PYTHONPATH=/home/autroboracer/ros2_ws/src/roboracer-autodrive/build/rl_training/prefix_override:/usr/lib/python3/dist-packages/colcon_core/task/python/colcon_distutils_commands:/home/autroboracer/ros2_ws/src/roboracer-autodrive/install/rl_training/lib/python3.10/site-packages: /usr/bin/python3 -W ignore:setup.py install is deprecated -W ignore:easy_install command is deprecated setup.py egg_info --egg-base ../build/rl_training build --build-base /home/autroboracer/ros2_ws/src/roboracer-autodrive/build/rl_training/build install --record /home/autroboracer/ros2_ws/src/roboracer-autodrive/build/rl_training/install.log --install-scripts $base/lib/rl_training --single-version-externally-managed
[0.612s] /usr/lib/python3/dist-packages/setuptools/dist.py:723: UserWarning: Usage of dash-separated 'script-dir' will not be supported in future versions. Please use the underscore name 'script_dir' instead
[0.612s]   warnings.warn(
[0.620s] running egg_info
[0.620s] writing ../build/rl_training/rl_training.egg-info/PKG-INFO
[0.621s] writing dependency_links to ../build/rl_training/rl_training.egg-info/dependency_links.txt
[0.621s] writing entry points to ../build/rl_training/rl_training.egg-info/entry_points.txt
[0.621s] writing requirements to ../build/rl_training/rl_training.egg-info/requires.txt
[0.621s] writing top-level names to ../build/rl_training/rl_training.egg-info/top_level.txt
[0.623s] reading manifest file '../build/rl_training/rl_training.egg-info/SOURCES.txt'
[0.624s] writing manifest file '../build/rl_training/rl_training.egg-info/SOURCES.txt'
[0.624s] running build
[0.624s] running build_py
[0.625s] running install
[0.625s] running install_lib
[0.627s] running install_egg_info
[0.630s] removing '/home/autroboracer/ros2_ws/src/roboracer-autodrive/install/rl_training/lib/python3.10/site-packages/rl_training-0.0.1-py3.10.egg-info' (and everything under it)
[0.630s] Copying ../build/rl_training/rl_training.egg-info to /home/autroboracer/ros2_ws/src/roboracer-autodrive/install/rl_training/lib/python3.10/site-packages/rl_training-0.0.1-py3.10.egg-info
[0.630s] running install_scripts
[0.648s] Installing train_sac script to /home/autroboracer/ros2_ws/src/roboracer-autodrive/install/rl_training/lib/rl_training
[0.648s] writing list of installed files to '/home/autroboracer/ros2_ws/src/roboracer-autodrive/build/rl_training/install.log'
[0.667s] Invoked command in '/home/autroboracer/ros2_ws/src/roboracer-autodrive/rl_training' returned '0': PYTHONPATH=/home/autroboracer/ros2_ws/src/roboracer-autodrive/build/rl_training/prefix_override:/usr/lib/python3/dist-packages/colcon_core/task/python/colcon_distutils_commands:/home/autroboracer/ros2_ws/src/roboracer-autodrive/install/rl_training/lib/python3.10/site-packages: /usr/bin/python3 -W ignore:setup.py install is deprecated -W ignore:easy_install command is deprecated setup.py egg_info --egg-base ../build/rl_training build --build-base /home/autroboracer/ros2_ws/src/roboracer-autodrive/build/rl_training/build install --record /home/autroboracer/ros2_ws/src/roboracer-autodrive/build/rl_training/install.log --install-scripts $base/lib/rl_training --single-version-externally-managed
