[0.084s] DEBUG:colcon:Command line arguments: ['/usr/bin/colcon', 'build']
[0.084s] DEBUG:colcon:Parsed command line arguments: Namespace(log_base=None, log_level=None, verb_name='build', build_base='build', install_base='install', merge_install=False, symlink_install=False, test_result_base=None, continue_on_error=False, executor='parallel', parallel_workers=8, event_handlers=None, ignore_user_meta=False, metas=['./colcon.meta'], base_paths=['.'], packages_ignore=None, packages_ignore_regex=None, paths=None, packages_up_to=None, packages_up_to_regex=None, packages_above=None, packages_above_and_dependencies=None, packages_above_depth=None, packages_select_by_dep=None, packages_skip_by_dep=None, packages_skip_up_to=None, packages_select_build_failed=False, packages_skip_build_finished=False, packages_select_test_failures=False, packages_skip_test_passed=False, packages_select=None, packages_skip=None, packages_select_regex=None, packages_skip_regex=None, packages_start=None, packages_end=None, allow_overriding=[], cmake_args=None, cmake_target=None, cmake_target_skip_unavailable=False, cmake_clean_cache=False, cmake_clean_first=False, cmake_force_configure=False, ament_cmake_args=None, catkin_cmake_args=None, catkin_skip_building_tests=False, verb_parser=<colcon_defaults.argument_parser.defaults.DefaultArgumentsDecorator object at 0x7f9ab10ff130>, verb_extension=<colcon_core.verb.build.BuildVerb object at 0x7f9ab10fece0>, main=<bound method BuildVerb.main of <colcon_core.verb.build.BuildVerb object at 0x7f9ab10fece0>>)
[0.200s] Level 1:colcon.colcon_core.package_discovery:discover_packages(colcon_meta) check parameters
[0.200s] Level 1:colcon.colcon_core.package_discovery:discover_packages(recursive) check parameters
[0.200s] Level 1:colcon.colcon_core.package_discovery:discover_packages(ignore) check parameters
[0.200s] Level 1:colcon.colcon_core.package_discovery:discover_packages(path) check parameters
[0.200s] Level 1:colcon.colcon_core.package_discovery:discover_packages(colcon_meta) discover
[0.200s] Level 1:colcon.colcon_core.package_discovery:discover_packages(recursive) discover
[0.200s] INFO:colcon.colcon_core.package_discovery:Crawling recursively for packages in '/home/autroboracer/ros2_ws/src/roboracer-autodrive'
[0.200s] Level 1:colcon.colcon_core.package_identification:_identify(.) by extensions ['ignore', 'ignore_ament_install']
[0.200s] Level 1:colcon.colcon_core.package_identification:_identify(.) by extension 'ignore'
[0.200s] Level 1:colcon.colcon_core.package_identification:_identify(.) by extension 'ignore_ament_install'
[0.200s] Level 1:colcon.colcon_core.package_identification:_identify(.) by extensions ['colcon_pkg']
[0.200s] Level 1:colcon.colcon_core.package_identification:_identify(.) by extension 'colcon_pkg'
[0.200s] Level 1:colcon.colcon_core.package_identification:_identify(.) by extensions ['colcon_meta']
[0.200s] Level 1:colcon.colcon_core.package_identification:_identify(.) by extension 'colcon_meta'
[0.200s] Level 1:colcon.colcon_core.package_identification:_identify(.) by extensions ['ros']
[0.200s] Level 1:colcon.colcon_core.package_identification:_identify(.) by extension 'ros'
[0.210s] Level 1:colcon.colcon_core.package_identification:_identify(.) by extensions ['cmake', 'python']
[0.210s] Level 1:colcon.colcon_core.package_identification:_identify(.) by extension 'cmake'
[0.210s] Level 1:colcon.colcon_core.package_identification:_identify(.) by extension 'python'
[0.210s] Level 1:colcon.colcon_core.package_identification:_identify(.) by extensions ['python_setup_py']
[0.210s] Level 1:colcon.colcon_core.package_identification:_identify(.) by extension 'python_setup_py'
[0.210s] Level 1:colcon.colcon_core.package_identification:_identify(autodrive_f1tenth) by extensions ['ignore', 'ignore_ament_install']
[0.210s] Level 1:colcon.colcon_core.package_identification:_identify(autodrive_f1tenth) by extension 'ignore'
[0.210s] Level 1:colcon.colcon_core.package_identification:_identify(autodrive_f1tenth) by extension 'ignore_ament_install'
[0.210s] Level 1:colcon.colcon_core.package_identification:_identify(autodrive_f1tenth) by extensions ['colcon_pkg']
[0.210s] Level 1:colcon.colcon_core.package_identification:_identify(autodrive_f1tenth) by extension 'colcon_pkg'
[0.210s] Level 1:colcon.colcon_core.package_identification:_identify(autodrive_f1tenth) by extensions ['colcon_meta']
[0.210s] Level 1:colcon.colcon_core.package_identification:_identify(autodrive_f1tenth) by extension 'colcon_meta'
[0.210s] Level 1:colcon.colcon_core.package_identification:_identify(autodrive_f1tenth) by extensions ['ros']
[0.210s] Level 1:colcon.colcon_core.package_identification:_identify(autodrive_f1tenth) by extension 'ros'
[0.212s] DEBUG:colcon.colcon_core.package_identification:Package 'autodrive_f1tenth' with type 'ros.ament_python' and name 'autodrive_f1tenth'
[0.213s] Level 1:colcon.colcon_core.package_identification:_identify(autodrive_simulator) by extensions ['ignore', 'ignore_ament_install']
[0.213s] Level 1:colcon.colcon_core.package_identification:_identify(autodrive_simulator) by extension 'ignore'
[0.213s] Level 1:colcon.colcon_core.package_identification:_identify(autodrive_simulator) by extension 'ignore_ament_install'
[0.213s] Level 1:colcon.colcon_core.package_identification:_identify(autodrive_simulator) by extensions ['colcon_pkg']
[0.213s] Level 1:colcon.colcon_core.package_identification:_identify(autodrive_simulator) by extension 'colcon_pkg'
[0.213s] Level 1:colcon.colcon_core.package_identification:_identify(autodrive_simulator) by extensions ['colcon_meta']
[0.213s] Level 1:colcon.colcon_core.package_identification:_identify(autodrive_simulator) by extension 'colcon_meta'
[0.213s] Level 1:colcon.colcon_core.package_identification:_identify(autodrive_simulator) by extensions ['ros']
[0.213s] Level 1:colcon.colcon_core.package_identification:_identify(autodrive_simulator) by extension 'ros'
[0.213s] Level 1:colcon.colcon_core.package_identification:_identify(autodrive_simulator) by extensions ['cmake', 'python']
[0.213s] Level 1:colcon.colcon_core.package_identification:_identify(autodrive_simulator) by extension 'cmake'
[0.213s] Level 1:colcon.colcon_core.package_identification:_identify(autodrive_simulator) by extension 'python'
[0.213s] Level 1:colcon.colcon_core.package_identification:_identify(autodrive_simulator) by extensions ['python_setup_py']
[0.213s] Level 1:colcon.colcon_core.package_identification:_identify(autodrive_simulator) by extension 'python_setup_py'
[0.213s] Level 1:colcon.colcon_core.package_identification:_identify(autodrive_simulator/Data) by extensions ['ignore', 'ignore_ament_install']
[0.213s] Level 1:colcon.colcon_core.package_identification:_identify(autodrive_simulator/Data) by extension 'ignore'
[0.213s] Level 1:colcon.colcon_core.package_identification:_identify(autodrive_simulator/Data) by extension 'ignore_ament_install'
[0.213s] Level 1:colcon.colcon_core.package_identification:_identify(autodrive_simulator/Data) by extensions ['colcon_pkg']
[0.214s] Level 1:colcon.colcon_core.package_identification:_identify(autodrive_simulator/Data) by extension 'colcon_pkg'
[0.214s] Level 1:colcon.colcon_core.package_identification:_identify(autodrive_simulator/Data) by extensions ['colcon_meta']
[0.214s] Level 1:colcon.colcon_core.package_identification:_identify(autodrive_simulator/Data) by extension 'colcon_meta'
[0.214s] Level 1:colcon.colcon_core.package_identification:_identify(autodrive_simulator/Data) by extensions ['ros']
[0.214s] Level 1:colcon.colcon_core.package_identification:_identify(autodrive_simulator/Data) by extension 'ros'
[0.214s] Level 1:colcon.colcon_core.package_identification:_identify(autodrive_simulator/Data) by extensions ['cmake', 'python']
[0.214s] Level 1:colcon.colcon_core.package_identification:_identify(autodrive_simulator/Data) by extension 'cmake'
[0.214s] Level 1:colcon.colcon_core.package_identification:_identify(autodrive_simulator/Data) by extension 'python'
[0.214s] Level 1:colcon.colcon_core.package_identification:_identify(autodrive_simulator/Data) by extensions ['python_setup_py']
[0.214s] Level 1:colcon.colcon_core.package_identification:_identify(autodrive_simulator/Data) by extension 'python_setup_py'
[0.214s] Level 1:colcon.colcon_core.package_identification:_identify(autodrive_simulator/Data/Plugins) by extensions ['ignore', 'ignore_ament_install']
[0.214s] Level 1:colcon.colcon_core.package_identification:_identify(autodrive_simulator/Data/Plugins) by extension 'ignore'
[0.214s] Level 1:colcon.colcon_core.package_identification:_identify(autodrive_simulator/Data/Plugins) by extension 'ignore_ament_install'
[0.214s] Level 1:colcon.colcon_core.package_identification:_identify(autodrive_simulator/Data/Plugins) by extensions ['colcon_pkg']
[0.214s] Level 1:colcon.colcon_core.package_identification:_identify(autodrive_simulator/Data/Plugins) by extension 'colcon_pkg'
[0.214s] Level 1:colcon.colcon_core.package_identification:_identify(autodrive_simulator/Data/Plugins) by extensions ['colcon_meta']
[0.214s] Level 1:colcon.colcon_core.package_identification:_identify(autodrive_simulator/Data/Plugins) by extension 'colcon_meta'
[0.214s] Level 1:colcon.colcon_core.package_identification:_identify(autodrive_simulator/Data/Plugins) by extensions ['ros']
[0.214s] Level 1:colcon.colcon_core.package_identification:_identify(autodrive_simulator/Data/Plugins) by extension 'ros'
[0.214s] Level 1:colcon.colcon_core.package_identification:_identify(autodrive_simulator/Data/Plugins) by extensions ['cmake', 'python']
[0.214s] Level 1:colcon.colcon_core.package_identification:_identify(autodrive_simulator/Data/Plugins) by extension 'cmake'
[0.214s] Level 1:colcon.colcon_core.package_identification:_identify(autodrive_simulator/Data/Plugins) by extension 'python'
[0.214s] Level 1:colcon.colcon_core.package_identification:_identify(autodrive_simulator/Data/Plugins) by extensions ['python_setup_py']
[0.214s] Level 1:colcon.colcon_core.package_identification:_identify(autodrive_simulator/Data/Plugins) by extension 'python_setup_py'
[0.215s] Level 1:colcon.colcon_core.package_identification:_identify(autodrive_simulator/Data/Resources) by extensions ['ignore', 'ignore_ament_install']
[0.215s] Level 1:colcon.colcon_core.package_identification:_identify(autodrive_simulator/Data/Resources) by extension 'ignore'
[0.215s] Level 1:colcon.colcon_core.package_identification:_identify(autodrive_simulator/Data/Resources) by extension 'ignore_ament_install'
[0.215s] Level 1:colcon.colcon_core.package_identification:_identify(autodrive_simulator/Data/Resources) by extensions ['colcon_pkg']
[0.215s] Level 1:colcon.colcon_core.package_identification:_identify(autodrive_simulator/Data/Resources) by extension 'colcon_pkg'
[0.215s] Level 1:colcon.colcon_core.package_identification:_identify(autodrive_simulator/Data/Resources) by extensions ['colcon_meta']
[0.215s] Level 1:colcon.colcon_core.package_identification:_identify(autodrive_simulator/Data/Resources) by extension 'colcon_meta'
[0.215s] Level 1:colcon.colcon_core.package_identification:_identify(autodrive_simulator/Data/Resources) by extensions ['ros']
[0.215s] Level 1:colcon.colcon_core.package_identification:_identify(autodrive_simulator/Data/Resources) by extension 'ros'
[0.215s] Level 1:colcon.colcon_core.package_identification:_identify(autodrive_simulator/Data/Resources) by extensions ['cmake', 'python']
[0.215s] Level 1:colcon.colcon_core.package_identification:_identify(autodrive_simulator/Data/Resources) by extension 'cmake'
[0.215s] Level 1:colcon.colcon_core.package_identification:_identify(autodrive_simulator/Data/Resources) by extension 'python'
[0.215s] Level 1:colcon.colcon_core.package_identification:_identify(autodrive_simulator/Data/Resources) by extensions ['python_setup_py']
[0.215s] Level 1:colcon.colcon_core.package_identification:_identify(autodrive_simulator/Data/Resources) by extension 'python_setup_py'
[0.215s] Level 1:colcon.colcon_core.package_identification:_identify(autodrive_simulator/Data/UnitySubsystems) by extensions ['ignore', 'ignore_ament_install']
[0.215s] Level 1:colcon.colcon_core.package_identification:_identify(autodrive_simulator/Data/UnitySubsystems) by extension 'ignore'
[0.215s] Level 1:colcon.colcon_core.package_identification:_identify(autodrive_simulator/Data/UnitySubsystems) by extension 'ignore_ament_install'
[0.215s] Level 1:colcon.colcon_core.package_identification:_identify(autodrive_simulator/Data/UnitySubsystems) by extensions ['colcon_pkg']
[0.215s] Level 1:colcon.colcon_core.package_identification:_identify(autodrive_simulator/Data/UnitySubsystems) by extension 'colcon_pkg'
[0.215s] Level 1:colcon.colcon_core.package_identification:_identify(autodrive_simulator/Data/UnitySubsystems) by extensions ['colcon_meta']
[0.215s] Level 1:colcon.colcon_core.package_identification:_identify(autodrive_simulator/Data/UnitySubsystems) by extension 'colcon_meta'
[0.215s] Level 1:colcon.colcon_core.package_identification:_identify(autodrive_simulator/Data/UnitySubsystems) by extensions ['ros']
[0.216s] Level 1:colcon.colcon_core.package_identification:_identify(autodrive_simulator/Data/UnitySubsystems) by extension 'ros'
[0.216s] Level 1:colcon.colcon_core.package_identification:_identify(autodrive_simulator/Data/UnitySubsystems) by extensions ['cmake', 'python']
[0.216s] Level 1:colcon.colcon_core.package_identification:_identify(autodrive_simulator/Data/UnitySubsystems) by extension 'cmake'
[0.216s] Level 1:colcon.colcon_core.package_identification:_identify(autodrive_simulator/Data/UnitySubsystems) by extension 'python'
[0.216s] Level 1:colcon.colcon_core.package_identification:_identify(autodrive_simulator/Data/UnitySubsystems) by extensions ['python_setup_py']
[0.216s] Level 1:colcon.colcon_core.package_identification:_identify(autodrive_simulator/Data/UnitySubsystems) by extension 'python_setup_py'
[0.216s] Level 1:colcon.colcon_core.package_identification:_identify(autodrive_simulator/Data/UnitySubsystems/OculusXRPlugin) by extensions ['ignore', 'ignore_ament_install']
[0.216s] Level 1:colcon.colcon_core.package_identification:_identify(autodrive_simulator/Data/UnitySubsystems/OculusXRPlugin) by extension 'ignore'
[0.216s] Level 1:colcon.colcon_core.package_identification:_identify(autodrive_simulator/Data/UnitySubsystems/OculusXRPlugin) by extension 'ignore_ament_install'
[0.216s] Level 1:colcon.colcon_core.package_identification:_identify(autodrive_simulator/Data/UnitySubsystems/OculusXRPlugin) by extensions ['colcon_pkg']
[0.216s] Level 1:colcon.colcon_core.package_identification:_identify(autodrive_simulator/Data/UnitySubsystems/OculusXRPlugin) by extension 'colcon_pkg'
[0.216s] Level 1:colcon.colcon_core.package_identification:_identify(autodrive_simulator/Data/UnitySubsystems/OculusXRPlugin) by extensions ['colcon_meta']
[0.216s] Level 1:colcon.colcon_core.package_identification:_identify(autodrive_simulator/Data/UnitySubsystems/OculusXRPlugin) by extension 'colcon_meta'
[0.216s] Level 1:colcon.colcon_core.package_identification:_identify(autodrive_simulator/Data/UnitySubsystems/OculusXRPlugin) by extensions ['ros']
[0.216s] Level 1:colcon.colcon_core.package_identification:_identify(autodrive_simulator/Data/UnitySubsystems/OculusXRPlugin) by extension 'ros'
[0.216s] Level 1:colcon.colcon_core.package_identification:_identify(autodrive_simulator/Data/UnitySubsystems/OculusXRPlugin) by extensions ['cmake', 'python']
[0.216s] Level 1:colcon.colcon_core.package_identification:_identify(autodrive_simulator/Data/UnitySubsystems/OculusXRPlugin) by extension 'cmake'
[0.216s] Level 1:colcon.colcon_core.package_identification:_identify(autodrive_simulator/Data/UnitySubsystems/OculusXRPlugin) by extension 'python'
[0.216s] Level 1:colcon.colcon_core.package_identification:_identify(autodrive_simulator/Data/UnitySubsystems/OculusXRPlugin) by extensions ['python_setup_py']
[0.216s] Level 1:colcon.colcon_core.package_identification:_identify(autodrive_simulator/Data/UnitySubsystems/OculusXRPlugin) by extension 'python_setup_py'
[0.217s] Level 1:colcon.colcon_core.package_identification:_identify(autodrive_simulator/Data/UnitySubsystems/UnityOpenXR) by extensions ['ignore', 'ignore_ament_install']
[0.217s] Level 1:colcon.colcon_core.package_identification:_identify(autodrive_simulator/Data/UnitySubsystems/UnityOpenXR) by extension 'ignore'
[0.217s] Level 1:colcon.colcon_core.package_identification:_identify(autodrive_simulator/Data/UnitySubsystems/UnityOpenXR) by extension 'ignore_ament_install'
[0.217s] Level 1:colcon.colcon_core.package_identification:_identify(autodrive_simulator/Data/UnitySubsystems/UnityOpenXR) by extensions ['colcon_pkg']
[0.217s] Level 1:colcon.colcon_core.package_identification:_identify(autodrive_simulator/Data/UnitySubsystems/UnityOpenXR) by extension 'colcon_pkg'
[0.217s] Level 1:colcon.colcon_core.package_identification:_identify(autodrive_simulator/Data/UnitySubsystems/UnityOpenXR) by extensions ['colcon_meta']
[0.217s] Level 1:colcon.colcon_core.package_identification:_identify(autodrive_simulator/Data/UnitySubsystems/UnityOpenXR) by extension 'colcon_meta'
[0.217s] Level 1:colcon.colcon_core.package_identification:_identify(autodrive_simulator/Data/UnitySubsystems/UnityOpenXR) by extensions ['ros']
[0.217s] Level 1:colcon.colcon_core.package_identification:_identify(autodrive_simulator/Data/UnitySubsystems/UnityOpenXR) by extension 'ros'
[0.217s] Level 1:colcon.colcon_core.package_identification:_identify(autodrive_simulator/Data/UnitySubsystems/UnityOpenXR) by extensions ['cmake', 'python']
[0.217s] Level 1:colcon.colcon_core.package_identification:_identify(autodrive_simulator/Data/UnitySubsystems/UnityOpenXR) by extension 'cmake'
[0.217s] Level 1:colcon.colcon_core.package_identification:_identify(autodrive_simulator/Data/UnitySubsystems/UnityOpenXR) by extension 'python'
[0.217s] Level 1:colcon.colcon_core.package_identification:_identify(autodrive_simulator/Data/UnitySubsystems/UnityOpenXR) by extensions ['python_setup_py']
[0.217s] Level 1:colcon.colcon_core.package_identification:_identify(autodrive_simulator/Data/UnitySubsystems/UnityOpenXR) by extension 'python_setup_py'
[0.217s] Level 1:colcon.colcon_core.package_identification:_identify(autodrive_simulator/Data/il2cpp_data) by extensions ['ignore', 'ignore_ament_install']
[0.217s] Level 1:colcon.colcon_core.package_identification:_identify(autodrive_simulator/Data/il2cpp_data) by extension 'ignore'
[0.217s] Level 1:colcon.colcon_core.package_identification:_identify(autodrive_simulator/Data/il2cpp_data) by extension 'ignore_ament_install'
[0.217s] Level 1:colcon.colcon_core.package_identification:_identify(autodrive_simulator/Data/il2cpp_data) by extensions ['colcon_pkg']
[0.217s] Level 1:colcon.colcon_core.package_identification:_identify(autodrive_simulator/Data/il2cpp_data) by extension 'colcon_pkg'
[0.217s] Level 1:colcon.colcon_core.package_identification:_identify(autodrive_simulator/Data/il2cpp_data) by extensions ['colcon_meta']
[0.217s] Level 1:colcon.colcon_core.package_identification:_identify(autodrive_simulator/Data/il2cpp_data) by extension 'colcon_meta'
[0.217s] Level 1:colcon.colcon_core.package_identification:_identify(autodrive_simulator/Data/il2cpp_data) by extensions ['ros']
[0.217s] Level 1:colcon.colcon_core.package_identification:_identify(autodrive_simulator/Data/il2cpp_data) by extension 'ros'
[0.218s] Level 1:colcon.colcon_core.package_identification:_identify(autodrive_simulator/Data/il2cpp_data) by extensions ['cmake', 'python']
[0.218s] Level 1:colcon.colcon_core.package_identification:_identify(autodrive_simulator/Data/il2cpp_data) by extension 'cmake'
[0.218s] Level 1:colcon.colcon_core.package_identification:_identify(autodrive_simulator/Data/il2cpp_data) by extension 'python'
[0.218s] Level 1:colcon.colcon_core.package_identification:_identify(autodrive_simulator/Data/il2cpp_data) by extensions ['python_setup_py']
[0.218s] Level 1:colcon.colcon_core.package_identification:_identify(autodrive_simulator/Data/il2cpp_data) by extension 'python_setup_py'
[0.218s] Level 1:colcon.colcon_core.package_identification:_identify(autodrive_simulator/Data/il2cpp_data/Metadata) by extensions ['ignore', 'ignore_ament_install']
[0.218s] Level 1:colcon.colcon_core.package_identification:_identify(autodrive_simulator/Data/il2cpp_data/Metadata) by extension 'ignore'
[0.218s] Level 1:colcon.colcon_core.package_identification:_identify(autodrive_simulator/Data/il2cpp_data/Metadata) by extension 'ignore_ament_install'
[0.218s] Level 1:colcon.colcon_core.package_identification:_identify(autodrive_simulator/Data/il2cpp_data/Metadata) by extensions ['colcon_pkg']
[0.218s] Level 1:colcon.colcon_core.package_identification:_identify(autodrive_simulator/Data/il2cpp_data/Metadata) by extension 'colcon_pkg'
[0.218s] Level 1:colcon.colcon_core.package_identification:_identify(autodrive_simulator/Data/il2cpp_data/Metadata) by extensions ['colcon_meta']
[0.218s] Level 1:colcon.colcon_core.package_identification:_identify(autodrive_simulator/Data/il2cpp_data/Metadata) by extension 'colcon_meta'
[0.218s] Level 1:colcon.colcon_core.package_identification:_identify(autodrive_simulator/Data/il2cpp_data/Metadata) by extensions ['ros']
[0.218s] Level 1:colcon.colcon_core.package_identification:_identify(autodrive_simulator/Data/il2cpp_data/Metadata) by extension 'ros'
[0.218s] Level 1:colcon.colcon_core.package_identification:_identify(autodrive_simulator/Data/il2cpp_data/Metadata) by extensions ['cmake', 'python']
[0.218s] Level 1:colcon.colcon_core.package_identification:_identify(autodrive_simulator/Data/il2cpp_data/Metadata) by extension 'cmake'
[0.218s] Level 1:colcon.colcon_core.package_identification:_identify(autodrive_simulator/Data/il2cpp_data/Metadata) by extension 'python'
[0.218s] Level 1:colcon.colcon_core.package_identification:_identify(autodrive_simulator/Data/il2cpp_data/Metadata) by extensions ['python_setup_py']
[0.218s] Level 1:colcon.colcon_core.package_identification:_identify(autodrive_simulator/Data/il2cpp_data/Metadata) by extension 'python_setup_py'
[0.218s] Level 1:colcon.colcon_core.package_identification:_identify(autodrive_simulator/Data/il2cpp_data/Resources) by extensions ['ignore', 'ignore_ament_install']
[0.218s] Level 1:colcon.colcon_core.package_identification:_identify(autodrive_simulator/Data/il2cpp_data/Resources) by extension 'ignore'
[0.218s] Level 1:colcon.colcon_core.package_identification:_identify(autodrive_simulator/Data/il2cpp_data/Resources) by extension 'ignore_ament_install'
[0.219s] Level 1:colcon.colcon_core.package_identification:_identify(autodrive_simulator/Data/il2cpp_data/Resources) by extensions ['colcon_pkg']
[0.219s] Level 1:colcon.colcon_core.package_identification:_identify(autodrive_simulator/Data/il2cpp_data/Resources) by extension 'colcon_pkg'
[0.219s] Level 1:colcon.colcon_core.package_identification:_identify(autodrive_simulator/Data/il2cpp_data/Resources) by extensions ['colcon_meta']
[0.219s] Level 1:colcon.colcon_core.package_identification:_identify(autodrive_simulator/Data/il2cpp_data/Resources) by extension 'colcon_meta'
[0.219s] Level 1:colcon.colcon_core.package_identification:_identify(autodrive_simulator/Data/il2cpp_data/Resources) by extensions ['ros']
[0.219s] Level 1:colcon.colcon_core.package_identification:_identify(autodrive_simulator/Data/il2cpp_data/Resources) by extension 'ros'
[0.219s] Level 1:colcon.colcon_core.package_identification:_identify(autodrive_simulator/Data/il2cpp_data/Resources) by extensions ['cmake', 'python']
[0.219s] Level 1:colcon.colcon_core.package_identification:_identify(autodrive_simulator/Data/il2cpp_data/Resources) by extension 'cmake'
[0.219s] Level 1:colcon.colcon_core.package_identification:_identify(autodrive_simulator/Data/il2cpp_data/Resources) by extension 'python'
[0.219s] Level 1:colcon.colcon_core.package_identification:_identify(autodrive_simulator/Data/il2cpp_data/Resources) by extensions ['python_setup_py']
[0.219s] Level 1:colcon.colcon_core.package_identification:_identify(autodrive_simulator/Data/il2cpp_data/Resources) by extension 'python_setup_py'
[0.219s] Level 1:colcon.colcon_core.package_identification:_identify(autodrive_simulator/build) by extensions ['ignore', 'ignore_ament_install']
[0.219s] Level 1:colcon.colcon_core.package_identification:_identify(autodrive_simulator/build) by extension 'ignore'
[0.219s] Level 1:colcon.colcon_core.package_identification:_identify(autodrive_simulator/build) ignored
[0.219s] Level 1:colcon.colcon_core.package_identification:_identify(autodrive_simulator/install) by extensions ['ignore', 'ignore_ament_install']
[0.219s] Level 1:colcon.colcon_core.package_identification:_identify(autodrive_simulator/install) by extension 'ignore'
[0.219s] Level 1:colcon.colcon_core.package_identification:_identify(autodrive_simulator/install) ignored
[0.219s] Level 1:colcon.colcon_core.package_identification:_identify(autodrive_simulator/log) by extensions ['ignore', 'ignore_ament_install']
[0.219s] Level 1:colcon.colcon_core.package_identification:_identify(autodrive_simulator/log) by extension 'ignore'
[0.220s] Level 1:colcon.colcon_core.package_identification:_identify(autodrive_simulator/log) ignored
[0.220s] Level 1:colcon.colcon_core.package_identification:_identify(build) by extensions ['ignore', 'ignore_ament_install']
[0.220s] Level 1:colcon.colcon_core.package_identification:_identify(build) by extension 'ignore'
[0.220s] Level 1:colcon.colcon_core.package_identification:_identify(build) ignored
[0.220s] Level 1:colcon.colcon_core.package_identification:_identify(install) by extensions ['ignore', 'ignore_ament_install']
[0.220s] Level 1:colcon.colcon_core.package_identification:_identify(install) by extension 'ignore'
[0.220s] Level 1:colcon.colcon_core.package_identification:_identify(install) ignored
[0.220s] Level 1:colcon.colcon_core.package_identification:_identify(localization) by extensions ['ignore', 'ignore_ament_install']
[0.220s] Level 1:colcon.colcon_core.package_identification:_identify(localization) by extension 'ignore'
[0.220s] Level 1:colcon.colcon_core.package_identification:_identify(localization) by extension 'ignore_ament_install'
[0.220s] Level 1:colcon.colcon_core.package_identification:_identify(localization) by extensions ['colcon_pkg']
[0.220s] Level 1:colcon.colcon_core.package_identification:_identify(localization) by extension 'colcon_pkg'
[0.220s] Level 1:colcon.colcon_core.package_identification:_identify(localization) by extensions ['colcon_meta']
[0.220s] Level 1:colcon.colcon_core.package_identification:_identify(localization) by extension 'colcon_meta'
[0.220s] Level 1:colcon.colcon_core.package_identification:_identify(localization) by extensions ['ros']
[0.220s] Level 1:colcon.colcon_core.package_identification:_identify(localization) by extension 'ros'
[0.221s] DEBUG:colcon.colcon_core.package_identification:Package 'localization' with type 'ros.ament_python' and name 'localization'
[0.221s] Level 1:colcon.colcon_core.package_identification:_identify(log) by extensions ['ignore', 'ignore_ament_install']
[0.221s] Level 1:colcon.colcon_core.package_identification:_identify(log) by extension 'ignore'
[0.221s] Level 1:colcon.colcon_core.package_identification:_identify(log) ignored
[0.221s] Level 1:colcon.colcon_core.package_identification:_identify(path_planning) by extensions ['ignore', 'ignore_ament_install']
[0.221s] Level 1:colcon.colcon_core.package_identification:_identify(path_planning) by extension 'ignore'
[0.221s] Level 1:colcon.colcon_core.package_identification:_identify(path_planning) by extension 'ignore_ament_install'
[0.221s] Level 1:colcon.colcon_core.package_identification:_identify(path_planning) by extensions ['colcon_pkg']
[0.221s] Level 1:colcon.colcon_core.package_identification:_identify(path_planning) by extension 'colcon_pkg'
[0.221s] Level 1:colcon.colcon_core.package_identification:_identify(path_planning) by extensions ['colcon_meta']
[0.221s] Level 1:colcon.colcon_core.package_identification:_identify(path_planning) by extension 'colcon_meta'
[0.221s] Level 1:colcon.colcon_core.package_identification:_identify(path_planning) by extensions ['ros']
[0.221s] Level 1:colcon.colcon_core.package_identification:_identify(path_planning) by extension 'ros'
[0.222s] DEBUG:colcon.colcon_core.package_identification:Package 'path_planning' with type 'ros.ament_python' and name 'path_planning'
[0.222s] Level 1:colcon.colcon_core.package_identification:_identify(rl_training) by extensions ['ignore', 'ignore_ament_install']
[0.222s] Level 1:colcon.colcon_core.package_identification:_identify(rl_training) by extension 'ignore'
[0.222s] Level 1:colcon.colcon_core.package_identification:_identify(rl_training) by extension 'ignore_ament_install'
[0.222s] Level 1:colcon.colcon_core.package_identification:_identify(rl_training) by extensions ['colcon_pkg']
[0.222s] Level 1:colcon.colcon_core.package_identification:_identify(rl_training) by extension 'colcon_pkg'
[0.222s] Level 1:colcon.colcon_core.package_identification:_identify(rl_training) by extensions ['colcon_meta']
[0.222s] Level 1:colcon.colcon_core.package_identification:_identify(rl_training) by extension 'colcon_meta'
[0.222s] Level 1:colcon.colcon_core.package_identification:_identify(rl_training) by extensions ['ros']
[0.222s] Level 1:colcon.colcon_core.package_identification:_identify(rl_training) by extension 'ros'
[0.223s] DEBUG:colcon.colcon_core.package_identification:Package 'rl_training' with type 'ros.ament_python' and name 'rl_training'
[0.223s] Level 1:colcon.colcon_core.package_discovery:discover_packages(recursive) using defaults
[0.223s] Level 1:colcon.colcon_core.package_discovery:discover_packages(ignore) discover
[0.223s] Level 1:colcon.colcon_core.package_discovery:discover_packages(ignore) using defaults
[0.223s] Level 1:colcon.colcon_core.package_discovery:discover_packages(path) discover
[0.223s] Level 1:colcon.colcon_core.package_discovery:discover_packages(path) using defaults
[0.240s] Level 1:colcon.colcon_core.package_discovery:discover_packages(prefix_path) check parameters
[0.240s] Level 1:colcon.colcon_core.package_discovery:discover_packages(prefix_path) discover
[0.241s] Level 1:colcon.colcon_core.package_discovery:discover_packages(prefix_path) using defaults
[0.242s] Level 5:colcon.colcon_core.verb:set package 'autodrive_f1tenth' build argument 'cmake_args' from command line to 'None'
[0.242s] Level 5:colcon.colcon_core.verb:set package 'autodrive_f1tenth' build argument 'cmake_target' from command line to 'None'
[0.242s] Level 5:colcon.colcon_core.verb:set package 'autodrive_f1tenth' build argument 'cmake_target_skip_unavailable' from command line to 'False'
[0.242s] Level 5:colcon.colcon_core.verb:set package 'autodrive_f1tenth' build argument 'cmake_clean_cache' from command line to 'False'
[0.242s] Level 5:colcon.colcon_core.verb:set package 'autodrive_f1tenth' build argument 'cmake_clean_first' from command line to 'False'
[0.242s] Level 5:colcon.colcon_core.verb:set package 'autodrive_f1tenth' build argument 'cmake_force_configure' from command line to 'False'
[0.242s] Level 5:colcon.colcon_core.verb:set package 'autodrive_f1tenth' build argument 'ament_cmake_args' from command line to 'None'
[0.242s] Level 5:colcon.colcon_core.verb:set package 'autodrive_f1tenth' build argument 'catkin_cmake_args' from command line to 'None'
[0.242s] Level 5:colcon.colcon_core.verb:set package 'autodrive_f1tenth' build argument 'catkin_skip_building_tests' from command line to 'False'
[0.242s] DEBUG:colcon.colcon_core.verb:Building package 'autodrive_f1tenth' with the following arguments: {'ament_cmake_args': None, 'build_base': '/home/autroboracer/ros2_ws/src/roboracer-autodrive/build/autodrive_f1tenth', 'catkin_cmake_args': None, 'catkin_skip_building_tests': False, 'cmake_args': None, 'cmake_clean_cache': False, 'cmake_clean_first': False, 'cmake_force_configure': False, 'cmake_target': None, 'cmake_target_skip_unavailable': False, 'install_base': '/home/autroboracer/ros2_ws/src/roboracer-autodrive/install/autodrive_f1tenth', 'merge_install': False, 'path': '/home/autroboracer/ros2_ws/src/roboracer-autodrive/autodrive_f1tenth', 'symlink_install': False, 'test_result_base': None}
[0.243s] Level 5:colcon.colcon_core.verb:set package 'localization' build argument 'cmake_args' from command line to 'None'
[0.243s] Level 5:colcon.colcon_core.verb:set package 'localization' build argument 'cmake_target' from command line to 'None'
[0.243s] Level 5:colcon.colcon_core.verb:set package 'localization' build argument 'cmake_target_skip_unavailable' from command line to 'False'
[0.243s] Level 5:colcon.colcon_core.verb:set package 'localization' build argument 'cmake_clean_cache' from command line to 'False'
[0.243s] Level 5:colcon.colcon_core.verb:set package 'localization' build argument 'cmake_clean_first' from command line to 'False'
[0.243s] Level 5:colcon.colcon_core.verb:set package 'localization' build argument 'cmake_force_configure' from command line to 'False'
[0.243s] Level 5:colcon.colcon_core.verb:set package 'localization' build argument 'ament_cmake_args' from command line to 'None'
[0.243s] Level 5:colcon.colcon_core.verb:set package 'localization' build argument 'catkin_cmake_args' from command line to 'None'
[0.243s] Level 5:colcon.colcon_core.verb:set package 'localization' build argument 'catkin_skip_building_tests' from command line to 'False'
[0.243s] DEBUG:colcon.colcon_core.verb:Building package 'localization' with the following arguments: {'ament_cmake_args': None, 'build_base': '/home/autroboracer/ros2_ws/src/roboracer-autodrive/build/localization', 'catkin_cmake_args': None, 'catkin_skip_building_tests': False, 'cmake_args': None, 'cmake_clean_cache': False, 'cmake_clean_first': False, 'cmake_force_configure': False, 'cmake_target': None, 'cmake_target_skip_unavailable': False, 'install_base': '/home/autroboracer/ros2_ws/src/roboracer-autodrive/install/localization', 'merge_install': False, 'path': '/home/autroboracer/ros2_ws/src/roboracer-autodrive/localization', 'symlink_install': False, 'test_result_base': None}
[0.243s] Level 5:colcon.colcon_core.verb:set package 'path_planning' build argument 'cmake_args' from command line to 'None'
[0.243s] Level 5:colcon.colcon_core.verb:set package 'path_planning' build argument 'cmake_target' from command line to 'None'
[0.243s] Level 5:colcon.colcon_core.verb:set package 'path_planning' build argument 'cmake_target_skip_unavailable' from command line to 'False'
[0.243s] Level 5:colcon.colcon_core.verb:set package 'path_planning' build argument 'cmake_clean_cache' from command line to 'False'
[0.243s] Level 5:colcon.colcon_core.verb:set package 'path_planning' build argument 'cmake_clean_first' from command line to 'False'
[0.243s] Level 5:colcon.colcon_core.verb:set package 'path_planning' build argument 'cmake_force_configure' from command line to 'False'
[0.243s] Level 5:colcon.colcon_core.verb:set package 'path_planning' build argument 'ament_cmake_args' from command line to 'None'
[0.243s] Level 5:colcon.colcon_core.verb:set package 'path_planning' build argument 'catkin_cmake_args' from command line to 'None'
[0.243s] Level 5:colcon.colcon_core.verb:set package 'path_planning' build argument 'catkin_skip_building_tests' from command line to 'False'
[0.243s] DEBUG:colcon.colcon_core.verb:Building package 'path_planning' with the following arguments: {'ament_cmake_args': None, 'build_base': '/home/autroboracer/ros2_ws/src/roboracer-autodrive/build/path_planning', 'catkin_cmake_args': None, 'catkin_skip_building_tests': False, 'cmake_args': None, 'cmake_clean_cache': False, 'cmake_clean_first': False, 'cmake_force_configure': False, 'cmake_target': None, 'cmake_target_skip_unavailable': False, 'install_base': '/home/autroboracer/ros2_ws/src/roboracer-autodrive/install/path_planning', 'merge_install': False, 'path': '/home/autroboracer/ros2_ws/src/roboracer-autodrive/path_planning', 'symlink_install': False, 'test_result_base': None}
[0.244s] Level 5:colcon.colcon_core.verb:set package 'rl_training' build argument 'cmake_args' from command line to 'None'
[0.244s] Level 5:colcon.colcon_core.verb:set package 'rl_training' build argument 'cmake_target' from command line to 'None'
[0.244s] Level 5:colcon.colcon_core.verb:set package 'rl_training' build argument 'cmake_target_skip_unavailable' from command line to 'False'
[0.244s] Level 5:colcon.colcon_core.verb:set package 'rl_training' build argument 'cmake_clean_cache' from command line to 'False'
[0.244s] Level 5:colcon.colcon_core.verb:set package 'rl_training' build argument 'cmake_clean_first' from command line to 'False'
[0.244s] Level 5:colcon.colcon_core.verb:set package 'rl_training' build argument 'cmake_force_configure' from command line to 'False'
[0.244s] Level 5:colcon.colcon_core.verb:set package 'rl_training' build argument 'ament_cmake_args' from command line to 'None'
[0.244s] Level 5:colcon.colcon_core.verb:set package 'rl_training' build argument 'catkin_cmake_args' from command line to 'None'
[0.244s] Level 5:colcon.colcon_core.verb:set package 'rl_training' build argument 'catkin_skip_building_tests' from command line to 'False'
[0.244s] DEBUG:colcon.colcon_core.verb:Building package 'rl_training' with the following arguments: {'ament_cmake_args': None, 'build_base': '/home/autroboracer/ros2_ws/src/roboracer-autodrive/build/rl_training', 'catkin_cmake_args': None, 'catkin_skip_building_tests': False, 'cmake_args': None, 'cmake_clean_cache': False, 'cmake_clean_first': False, 'cmake_force_configure': False, 'cmake_target': None, 'cmake_target_skip_unavailable': False, 'install_base': '/home/autroboracer/ros2_ws/src/roboracer-autodrive/install/rl_training', 'merge_install': False, 'path': '/home/autroboracer/ros2_ws/src/roboracer-autodrive/rl_training', 'symlink_install': False, 'test_result_base': None}
[0.244s] INFO:colcon.colcon_core.executor:Executing jobs using 'parallel' executor
[0.245s] DEBUG:colcon.colcon_parallel_executor.executor.parallel:run_until_complete
[0.245s] INFO:colcon.colcon_ros.task.ament_python.build:Building ROS package in '/home/autroboracer/ros2_ws/src/roboracer-autodrive/autodrive_f1tenth' with build type 'ament_python'
[0.245s] Level 1:colcon.colcon_core.shell:create_environment_hook('autodrive_f1tenth', 'ament_prefix_path')
[0.247s] INFO:colcon.colcon_core.plugin_system:Skipping extension 'colcon_core.shell.bat': Not used on non-Windows systems
[0.247s] INFO:colcon.colcon_core.shell:Creating environment hook '/home/autroboracer/ros2_ws/src/roboracer-autodrive/install/autodrive_f1tenth/share/autodrive_f1tenth/hook/ament_prefix_path.ps1'
[0.248s] INFO:colcon.colcon_core.shell:Creating environment descriptor '/home/autroboracer/ros2_ws/src/roboracer-autodrive/install/autodrive_f1tenth/share/autodrive_f1tenth/hook/ament_prefix_path.dsv'
[0.248s] INFO:colcon.colcon_core.shell:Creating environment hook '/home/autroboracer/ros2_ws/src/roboracer-autodrive/install/autodrive_f1tenth/share/autodrive_f1tenth/hook/ament_prefix_path.sh'
[0.249s] INFO:colcon.colcon_core.shell:Skip shell extension 'powershell' for command environment: Not usable outside of PowerShell
[0.249s] DEBUG:colcon.colcon_core.shell:Skip shell extension 'dsv' for command environment
[0.250s] INFO:colcon.colcon_ros.task.ament_python.build:Building ROS package in '/home/autroboracer/ros2_ws/src/roboracer-autodrive/localization' with build type 'ament_python'
[0.250s] Level 1:colcon.colcon_core.shell:create_environment_hook('localization', 'ament_prefix_path')
[0.250s] INFO:colcon.colcon_core.shell:Creating environment hook '/home/autroboracer/ros2_ws/src/roboracer-autodrive/install/localization/share/localization/hook/ament_prefix_path.ps1'
[0.251s] INFO:colcon.colcon_core.shell:Creating environment descriptor '/home/autroboracer/ros2_ws/src/roboracer-autodrive/install/localization/share/localization/hook/ament_prefix_path.dsv'
[0.251s] INFO:colcon.colcon_core.shell:Creating environment hook '/home/autroboracer/ros2_ws/src/roboracer-autodrive/install/localization/share/localization/hook/ament_prefix_path.sh'
[0.252s] INFO:colcon.colcon_core.shell:Skip shell extension 'powershell' for command environment: Not usable outside of PowerShell
[0.252s] DEBUG:colcon.colcon_core.shell:Skip shell extension 'dsv' for command environment
[0.252s] INFO:colcon.colcon_ros.task.ament_python.build:Building ROS package in '/home/autroboracer/ros2_ws/src/roboracer-autodrive/path_planning' with build type 'ament_python'
[0.253s] Level 1:colcon.colcon_core.shell:create_environment_hook('path_planning', 'ament_prefix_path')
[0.253s] INFO:colcon.colcon_core.shell:Creating environment hook '/home/autroboracer/ros2_ws/src/roboracer-autodrive/install/path_planning/share/path_planning/hook/ament_prefix_path.ps1'
[0.253s] INFO:colcon.colcon_core.shell:Creating environment descriptor '/home/autroboracer/ros2_ws/src/roboracer-autodrive/install/path_planning/share/path_planning/hook/ament_prefix_path.dsv'
[0.254s] INFO:colcon.colcon_core.shell:Creating environment hook '/home/autroboracer/ros2_ws/src/roboracer-autodrive/install/path_planning/share/path_planning/hook/ament_prefix_path.sh'
[0.254s] INFO:colcon.colcon_core.shell:Skip shell extension 'powershell' for command environment: Not usable outside of PowerShell
[0.254s] DEBUG:colcon.colcon_core.shell:Skip shell extension 'dsv' for command environment
[0.255s] INFO:colcon.colcon_ros.task.ament_python.build:Building ROS package in '/home/autroboracer/ros2_ws/src/roboracer-autodrive/rl_training' with build type 'ament_python'
[0.255s] Level 1:colcon.colcon_core.shell:create_environment_hook('rl_training', 'ament_prefix_path')
[0.255s] INFO:colcon.colcon_core.shell:Creating environment hook '/home/autroboracer/ros2_ws/src/roboracer-autodrive/install/rl_training/share/rl_training/hook/ament_prefix_path.ps1'
[0.256s] INFO:colcon.colcon_core.shell:Creating environment descriptor '/home/autroboracer/ros2_ws/src/roboracer-autodrive/install/rl_training/share/rl_training/hook/ament_prefix_path.dsv'
[0.256s] INFO:colcon.colcon_core.shell:Creating environment hook '/home/autroboracer/ros2_ws/src/roboracer-autodrive/install/rl_training/share/rl_training/hook/ament_prefix_path.sh'
[0.257s] INFO:colcon.colcon_core.shell:Skip shell extension 'powershell' for command environment: Not usable outside of PowerShell
[0.257s] DEBUG:colcon.colcon_core.shell:Skip shell extension 'dsv' for command environment
[0.446s] INFO:colcon.colcon_core.task.python.build:Building Python package in '/home/autroboracer/ros2_ws/src/roboracer-autodrive/autodrive_f1tenth'
[0.446s] INFO:colcon.colcon_core.shell:Skip shell extension 'powershell' for command environment: Not usable outside of PowerShell
[0.446s] DEBUG:colcon.colcon_core.shell:Skip shell extension 'dsv' for command environment
[0.631s] INFO:colcon.colcon_core.task.python.build:Building Python package in '/home/autroboracer/ros2_ws/src/roboracer-autodrive/localization'
[0.632s] INFO:colcon.colcon_core.shell:Skip shell extension 'powershell' for command environment: Not usable outside of PowerShell
[0.632s] DEBUG:colcon.colcon_core.shell:Skip shell extension 'dsv' for command environment
[0.816s] INFO:colcon.colcon_core.task.python.build:Building Python package in '/home/autroboracer/ros2_ws/src/roboracer-autodrive/path_planning'
[0.817s] INFO:colcon.colcon_core.shell:Skip shell extension 'powershell' for command environment: Not usable outside of PowerShell
[0.817s] DEBUG:colcon.colcon_core.shell:Skip shell extension 'dsv' for command environment
[0.999s] WARNING:colcon.colcon_ros.task.ament_python.build:Package 'rl_training' doesn't explicitly install a marker in the package index (colcon-ros currently does it implicitly but that fallback will be removed in the future)
[1.000s] WARNING:colcon.colcon_ros.task.ament_python.build:Package 'rl_training' doesn't explicitly install the 'package.xml' file (colcon-ros currently does it implicitly but that fallback will be removed in the future)
[1.000s] INFO:colcon.colcon_core.task.python.build:Building Python package in '/home/autroboracer/ros2_ws/src/roboracer-autodrive/rl_training'
[1.000s] INFO:colcon.colcon_core.shell:Skip shell extension 'powershell' for command environment: Not usable outside of PowerShell
[1.000s] DEBUG:colcon.colcon_core.shell:Skip shell extension 'dsv' for command environment
[1.280s] DEBUG:colcon.colcon_core.event_handler.log_command:Invoking command in '/home/autroboracer/ros2_ws/src/roboracer-autodrive/path_planning': PYTHONPATH=/home/autroboracer/ros2_ws/src/roboracer-autodrive/build/path_planning/prefix_override:/usr/lib/python3/dist-packages/colcon_core/task/python/colcon_distutils_commands:/home/autroboracer/ros2_ws/src/roboracer-autodrive/install/path_planning/lib/python3.10/site-packages: /usr/bin/python3 -W ignore:setup.py install is deprecated -W ignore:easy_install command is deprecated setup.py egg_info --egg-base ../build/path_planning build --build-base /home/autroboracer/ros2_ws/src/roboracer-autodrive/build/path_planning/build install --record /home/autroboracer/ros2_ws/src/roboracer-autodrive/build/path_planning/install.log --single-version-externally-managed install_data
[1.285s] DEBUG:colcon.colcon_core.event_handler.log_command:Invoking command in '/home/autroboracer/ros2_ws/src/roboracer-autodrive/localization': PYTHONPATH=/home/autroboracer/ros2_ws/src/roboracer-autodrive/build/localization/prefix_override:/usr/lib/python3/dist-packages/colcon_core/task/python/colcon_distutils_commands:/home/autroboracer/ros2_ws/src/roboracer-autodrive/install/localization/lib/python3.10/site-packages: /usr/bin/python3 -W ignore:setup.py install is deprecated -W ignore:easy_install command is deprecated setup.py egg_info --egg-base ../build/localization build --build-base /home/autroboracer/ros2_ws/src/roboracer-autodrive/build/localization/build install --record /home/autroboracer/ros2_ws/src/roboracer-autodrive/build/localization/install.log --single-version-externally-managed install_data
[1.286s] DEBUG:colcon.colcon_core.event_handler.log_command:Invoking command in '/home/autroboracer/ros2_ws/src/roboracer-autodrive/autodrive_f1tenth': PYTHONPATH=/home/autroboracer/ros2_ws/src/roboracer-autodrive/build/autodrive_f1tenth/prefix_override:/usr/lib/python3/dist-packages/colcon_core/task/python/colcon_distutils_commands:/home/autroboracer/ros2_ws/src/roboracer-autodrive/install/autodrive_f1tenth/lib/python3.10/site-packages: /usr/bin/python3 -W ignore:setup.py install is deprecated -W ignore:easy_install command is deprecated setup.py egg_info --egg-base ../build/autodrive_f1tenth build --build-base /home/autroboracer/ros2_ws/src/roboracer-autodrive/build/autodrive_f1tenth/build install --record /home/autroboracer/ros2_ws/src/roboracer-autodrive/build/autodrive_f1tenth/install.log --single-version-externally-managed install_data
[1.292s] DEBUG:colcon.colcon_core.event_handler.log_command:Invoking command in '/home/autroboracer/ros2_ws/src/roboracer-autodrive/rl_training': PYTHONPATH=/home/autroboracer/ros2_ws/src/roboracer-autodrive/build/rl_training/prefix_override:/usr/lib/python3/dist-packages/colcon_core/task/python/colcon_distutils_commands:/home/autroboracer/ros2_ws/src/roboracer-autodrive/install/rl_training/lib/python3.10/site-packages: /usr/bin/python3 -W ignore:setup.py install is deprecated -W ignore:easy_install command is deprecated setup.py egg_info --egg-base ../build/rl_training build --build-base /home/autroboracer/ros2_ws/src/roboracer-autodrive/build/rl_training/build install --record /home/autroboracer/ros2_ws/src/roboracer-autodrive/build/rl_training/install.log --install-scripts $base/lib/rl_training --single-version-externally-managed
[1.504s] DEBUG:colcon.colcon_core.event_handler.log_command:Invoked command in '/home/autroboracer/ros2_ws/src/roboracer-autodrive/path_planning' returned '1': PYTHONPATH=/home/autroboracer/ros2_ws/src/roboracer-autodrive/build/path_planning/prefix_override:/usr/lib/python3/dist-packages/colcon_core/task/python/colcon_distutils_commands:/home/autroboracer/ros2_ws/src/roboracer-autodrive/install/path_planning/lib/python3.10/site-packages: /usr/bin/python3 -W ignore:setup.py install is deprecated -W ignore:easy_install command is deprecated setup.py egg_info --egg-base ../build/path_planning build --build-base /home/autroboracer/ros2_ws/src/roboracer-autodrive/build/path_planning/build install --record /home/autroboracer/ros2_ws/src/roboracer-autodrive/build/path_planning/install.log --single-version-externally-managed install_data
[1.561s] DEBUG:colcon.colcon_parallel_executor.executor.parallel:closing loop
[1.562s] DEBUG:colcon.colcon_parallel_executor.executor.parallel:loop closed
[1.562s] DEBUG:colcon.colcon_parallel_executor.executor.parallel:run_until_complete finished with '1'
[1.562s] DEBUG:colcon.colcon_core.event_reactor:joining thread
[1.567s] INFO:colcon.colcon_core.plugin_system:Skipping extension 'colcon_notification.desktop_notification.terminal_notifier': Not used on non-Darwin systems
[1.567s] INFO:colcon.colcon_core.plugin_system:Skipping extension 'colcon_notification.desktop_notification.win32': Not used on non-Windows systems
[1.567s] INFO:colcon.colcon_notification.desktop_notification:Sending desktop notification using 'notify2'
[1.576s] DEBUG:colcon.colcon_core.event_reactor:joined thread
[1.577s] INFO:colcon.colcon_core.shell:Creating prefix script '/home/autroboracer/ros2_ws/src/roboracer-autodrive/install/local_setup.ps1'
[1.577s] INFO:colcon.colcon_core.shell:Creating prefix util module '/home/autroboracer/ros2_ws/src/roboracer-autodrive/install/_local_setup_util_ps1.py'
[1.579s] INFO:colcon.colcon_core.shell:Creating prefix chain script '/home/autroboracer/ros2_ws/src/roboracer-autodrive/install/setup.ps1'
[1.579s] INFO:colcon.colcon_core.shell:Creating prefix script '/home/autroboracer/ros2_ws/src/roboracer-autodrive/install/local_setup.sh'
[1.580s] INFO:colcon.colcon_core.shell:Creating prefix util module '/home/autroboracer/ros2_ws/src/roboracer-autodrive/install/_local_setup_util_sh.py'
[1.580s] INFO:colcon.colcon_core.shell:Creating prefix chain script '/home/autroboracer/ros2_ws/src/roboracer-autodrive/install/setup.sh'
[1.581s] INFO:colcon.colcon_core.shell:Creating prefix script '/home/autroboracer/ros2_ws/src/roboracer-autodrive/install/local_setup.bash'
[1.581s] INFO:colcon.colcon_core.shell:Creating prefix chain script '/home/autroboracer/ros2_ws/src/roboracer-autodrive/install/setup.bash'
[1.582s] INFO:colcon.colcon_core.shell:Creating prefix script '/home/autroboracer/ros2_ws/src/roboracer-autodrive/install/local_setup.zsh'
[1.592s] INFO:colcon.colcon_core.shell:Creating prefix chain script '/home/autroboracer/ros2_ws/src/roboracer-autodrive/install/setup.zsh'
