running egg_info
creating ../build/localization/localization.egg-info
writing ../build/localization/localization.egg-info/PKG-INFO
writing dependency_links to ../build/localization/localization.egg-info/dependency_links.txt
writing entry points to ../build/localization/localization.egg-info/entry_points.txt
writing requirements to ../build/localization/localization.egg-info/requires.txt
writing top-level names to ../build/localization/localization.egg-info/top_level.txt
writing manifest file '../build/localization/localization.egg-info/SOURCES.txt'
reading manifest file '../build/localization/localization.egg-info/SOURCES.txt'
writing manifest file '../build/localization/localization.egg-info/SOURCES.txt'
running build
running build_py
creating /home/autroboracer/ros2_ws/src/roboracer-autodrive/build/localization/build
creating /home/autroboracer/ros2_ws/src/roboracer-autodrive/build/localization/build/lib
creating /home/autroboracer/ros2_ws/src/roboracer-autodrive/build/localization/build/lib/localization
copying localization/__init__.py -> /home/autroboracer/ros2_ws/src/roboracer-autodrive/build/localization/build/lib/localization
running install
running install_lib
creating /home/autroboracer/ros2_ws/src/roboracer-autodrive/install/localization/lib/python3.10/site-packages/localization
copying /home/autroboracer/ros2_ws/src/roboracer-autodrive/build/localization/build/lib/localization/__init__.py -> /home/autroboracer/ros2_ws/src/roboracer-autodrive/install/localization/lib/python3.10/site-packages/localization
byte-compiling /home/autroboracer/ros2_ws/src/roboracer-autodrive/install/localization/lib/python3.10/site-packages/localization/__init__.py to __init__.cpython-310.pyc
running install_data
creating /home/autroboracer/ros2_ws/src/roboracer-autodrive/install/localization/share/ament_index
creating /home/autroboracer/ros2_ws/src/roboracer-autodrive/install/localization/share/ament_index/resource_index
creating /home/autroboracer/ros2_ws/src/roboracer-autodrive/install/localization/share/ament_index/resource_index/packages
copying resource/localization -> /home/autroboracer/ros2_ws/src/roboracer-autodrive/install/localization/share/ament_index/resource_index/packages
copying package.xml -> /home/autroboracer/ros2_ws/src/roboracer-autodrive/install/localization/share/localization
creating /home/autroboracer/ros2_ws/src/roboracer-autodrive/install/localization/share/localization/launch
copying launch/amcl_launch.py -> /home/autroboracer/ros2_ws/src/roboracer-autodrive/install/localization/share/localization/launch
copying launch/slam_launch.py -> /home/autroboracer/ros2_ws/src/roboracer-autodrive/install/localization/share/localization/launch
copying launch/cartographer_launch.py -> /home/autroboracer/ros2_ws/src/roboracer-autodrive/install/localization/share/localization/launch
copying launch/hector_launch.py -> /home/autroboracer/ros2_ws/src/roboracer-autodrive/install/localization/share/localization/launch
copying launch/rtabmap_launch.py -> /home/autroboracer/ros2_ws/src/roboracer-autodrive/install/localization/share/localization/launch
creating /home/autroboracer/ros2_ws/src/roboracer-autodrive/install/localization/share/localization/config
copying config/amcl_config.yaml -> /home/autroboracer/ros2_ws/src/roboracer-autodrive/install/localization/share/localization/config
copying config/slam_config.yaml -> /home/autroboracer/ros2_ws/src/roboracer-autodrive/install/localization/share/localization/config
copying config/cartographer_config.lua -> /home/autroboracer/ros2_ws/src/roboracer-autodrive/install/localization/share/localization/config
copying config/hector_config.yaml -> /home/autroboracer/ros2_ws/src/roboracer-autodrive/install/localization/share/localization/config
copying config/rtabmap_config.yaml -> /home/autroboracer/ros2_ws/src/roboracer-autodrive/install/localization/share/localization/config
creating /home/autroboracer/ros2_ws/src/roboracer-autodrive/install/localization/share/localization/maps
copying maps/map5.yaml -> /home/autroboracer/ros2_ws/src/roboracer-autodrive/install/localization/share/localization/maps
copying maps/map5.pgm -> /home/autroboracer/ros2_ws/src/roboracer-autodrive/install/localization/share/localization/maps
running install_egg_info
Copying ../build/localization/localization.egg-info to /home/autroboracer/ros2_ws/src/roboracer-autodrive/install/localization/lib/python3.10/site-packages/localization-0.0.0-py3.10.egg-info
running install_scripts
writing list of installed files to '/home/autroboracer/ros2_ws/src/roboracer-autodrive/build/localization/install.log'
