/home/autroboracer/ros2_ws/src/roboracer-autodrive/install/autodrive_f1tenth/lib/python3.10/site-packages/autodrive_f1tenth/autodrive_bridge.py
/home/autroboracer/ros2_ws/src/roboracer-autodrive/install/autodrive_f1tenth/lib/python3.10/site-packages/autodrive_f1tenth/config.py
/home/autroboracer/ros2_ws/src/roboracer-autodrive/install/autodrive_f1tenth/lib/python3.10/site-packages/autodrive_f1tenth/__init__.py
/home/autroboracer/ros2_ws/src/roboracer-autodrive/install/autodrive_f1tenth/lib/python3.10/site-packages/autodrive_f1tenth/bridge_backup.py
/home/autroboracer/ros2_ws/src/roboracer-autodrive/install/autodrive_f1tenth/lib/python3.10/site-packages/autodrive_f1tenth/teleop_keyboard.py
/home/autroboracer/ros2_ws/src/roboracer-autodrive/install/autodrive_f1tenth/lib/python3.10/site-packages/autodrive_f1tenth/__pycache__/autodrive_bridge.cpython-310.pyc
/home/autroboracer/ros2_ws/src/roboracer-autodrive/install/autodrive_f1tenth/lib/python3.10/site-packages/autodrive_f1tenth/__pycache__/config.cpython-310.pyc
/home/autroboracer/ros2_ws/src/roboracer-autodrive/install/autodrive_f1tenth/lib/python3.10/site-packages/autodrive_f1tenth/__pycache__/__init__.cpython-310.pyc
/home/autroboracer/ros2_ws/src/roboracer-autodrive/install/autodrive_f1tenth/lib/python3.10/site-packages/autodrive_f1tenth/__pycache__/bridge_backup.cpython-310.pyc
/home/autroboracer/ros2_ws/src/roboracer-autodrive/install/autodrive_f1tenth/lib/python3.10/site-packages/autodrive_f1tenth/__pycache__/teleop_keyboard.cpython-310.pyc
/home/autroboracer/ros2_ws/src/roboracer-autodrive/install/autodrive_f1tenth/share/ament_index/resource_index/packages/autodrive_f1tenth
/home/autroboracer/ros2_ws/src/roboracer-autodrive/install/autodrive_f1tenth/share/autodrive_f1tenth/package.xml
/home/autroboracer/ros2_ws/src/roboracer-autodrive/install/autodrive_f1tenth/share/autodrive_f1tenth/launch/simulator_bringup_headless.launch.py
/home/autroboracer/ros2_ws/src/roboracer-autodrive/install/autodrive_f1tenth/share/autodrive_f1tenth/launch/simulator_bringup_rviz.launch.py
/home/autroboracer/ros2_ws/src/roboracer-autodrive/install/autodrive_f1tenth/share/autodrive_f1tenth/rviz/simulator.rviz
/home/autroboracer/ros2_ws/src/roboracer-autodrive/install/autodrive_f1tenth/lib/python3.10/site-packages/autodrive_f1tenth-0.1.0-py3.10.egg-info/dependency_links.txt
/home/autroboracer/ros2_ws/src/roboracer-autodrive/install/autodrive_f1tenth/lib/python3.10/site-packages/autodrive_f1tenth-0.1.0-py3.10.egg-info/entry_points.txt
/home/autroboracer/ros2_ws/src/roboracer-autodrive/install/autodrive_f1tenth/lib/python3.10/site-packages/autodrive_f1tenth-0.1.0-py3.10.egg-info/top_level.txt
/home/autroboracer/ros2_ws/src/roboracer-autodrive/install/autodrive_f1tenth/lib/python3.10/site-packages/autodrive_f1tenth-0.1.0-py3.10.egg-info/PKG-INFO
/home/autroboracer/ros2_ws/src/roboracer-autodrive/install/autodrive_f1tenth/lib/python3.10/site-packages/autodrive_f1tenth-0.1.0-py3.10.egg-info/zip-safe
/home/autroboracer/ros2_ws/src/roboracer-autodrive/install/autodrive_f1tenth/lib/python3.10/site-packages/autodrive_f1tenth-0.1.0-py3.10.egg-info/SOURCES.txt
/home/autroboracer/ros2_ws/src/roboracer-autodrive/install/autodrive_f1tenth/lib/python3.10/site-packages/autodrive_f1tenth-0.1.0-py3.10.egg-info/requires.txt
/home/autroboracer/ros2_ws/src/roboracer-autodrive/install/autodrive_f1tenth/lib/autodrive_f1tenth/autodrive_bridge
/home/autroboracer/ros2_ws/src/roboracer-autodrive/install/autodrive_f1tenth/lib/autodrive_f1tenth/teleop_keyboard
