[1.026s] Invoking command in '/home/autroboracer/ros2_ws/src/roboracer-autodrive/path_planning': PYTHONPATH=/home/autroboracer/ros2_ws/src/roboracer-autodrive/build/path_planning/prefix_override:/usr/lib/python3/dist-packages/colcon_core/task/python/colcon_distutils_commands:/home/autroboracer/ros2_ws/src/roboracer-autodrive/install/path_planning/lib/python3.10/site-packages: /usr/bin/python3 -W ignore:setup.py install is deprecated -W ignore:easy_install command is deprecated setup.py egg_info --egg-base ../build/path_planning build --build-base /home/autroboracer/ros2_ws/src/roboracer-autodrive/build/path_planning/build install --record /home/autroboracer/ros2_ws/src/roboracer-autodrive/build/path_planning/install.log --single-version-externally-managed install_data
[1.215s] running egg_info
[1.216s] creating ../build/path_planning/path_planning.egg-info
[1.216s] writing ../build/path_planning/path_planning.egg-info/PKG-INFO
[1.216s] writing dependency_links to ../build/path_planning/path_planning.egg-info/dependency_links.txt
[1.217s] writing entry points to ../build/path_planning/path_planning.egg-info/entry_points.txt
[1.217s] writing requirements to ../build/path_planning/path_planning.egg-info/requires.txt
[1.217s] writing top-level names to ../build/path_planning/path_planning.egg-info/top_level.txt
[1.217s] writing manifest file '../build/path_planning/path_planning.egg-info/SOURCES.txt'
[1.219s] reading manifest file '../build/path_planning/path_planning.egg-info/SOURCES.txt'
[1.220s] writing manifest file '../build/path_planning/path_planning.egg-info/SOURCES.txt'
[1.220s] running build
[1.221s] running build_py
[1.221s] creating /home/autroboracer/ros2_ws/src/roboracer-autodrive/build/path_planning/build
[1.221s] creating /home/autroboracer/ros2_ws/src/roboracer-autodrive/build/path_planning/build/lib
[1.221s] creating /home/autroboracer/ros2_ws/src/roboracer-autodrive/build/path_planning/build/lib/path_planning
[1.221s] copying path_planning/mpcc_node.py -> /home/autroboracer/ros2_ws/src/roboracer-autodrive/build/path_planning/build/lib/path_planning
[1.221s] copying path_planning/__init__.py -> /home/autroboracer/ros2_ws/src/roboracer-autodrive/build/path_planning/build/lib/path_planning
[1.221s] running install
[1.222s] running install_lib
[1.222s] creating /home/autroboracer/ros2_ws/src/roboracer-autodrive/install/path_planning/lib/python3.10/site-packages/path_planning
[1.222s] copying /home/autroboracer/ros2_ws/src/roboracer-autodrive/build/path_planning/build/lib/path_planning/mpcc_node.py -> /home/autroboracer/ros2_ws/src/roboracer-autodrive/install/path_planning/lib/python3.10/site-packages/path_planning
[1.222s] copying /home/autroboracer/ros2_ws/src/roboracer-autodrive/build/path_planning/build/lib/path_planning/__init__.py -> /home/autroboracer/ros2_ws/src/roboracer-autodrive/install/path_planning/lib/python3.10/site-packages/path_planning
[1.225s] byte-compiling /home/autroboracer/ros2_ws/src/roboracer-autodrive/install/path_planning/lib/python3.10/site-packages/path_planning/mpcc_node.py to mpcc_node.cpython-310.pyc
[1.225s] byte-compiling /home/autroboracer/ros2_ws/src/roboracer-autodrive/install/path_planning/lib/python3.10/site-packages/path_planning/__init__.py to __init__.cpython-310.pyc
[1.225s] running install_data
[1.225s] creating /home/autroboracer/ros2_ws/src/roboracer-autodrive/install/path_planning/share/ament_index
[1.225s] creating /home/autroboracer/ros2_ws/src/roboracer-autodrive/install/path_planning/share/ament_index/resource_index
[1.225s] creating /home/autroboracer/ros2_ws/src/roboracer-autodrive/install/path_planning/share/ament_index/resource_index/packages
[1.226s] error: can't copy 'resource/path_planning': doesn't exist or not a regular file
[1.251s] Invoked command in '/home/autroboracer/ros2_ws/src/roboracer-autodrive/path_planning' returned '1': PYTHONPATH=/home/autroboracer/ros2_ws/src/roboracer-autodrive/build/path_planning/prefix_override:/usr/lib/python3/dist-packages/colcon_core/task/python/colcon_distutils_commands:/home/autroboracer/ros2_ws/src/roboracer-autodrive/install/path_planning/lib/python3.10/site-packages: /usr/bin/python3 -W ignore:setup.py install is deprecated -W ignore:easy_install command is deprecated setup.py egg_info --egg-base ../build/path_planning build --build-base /home/autroboracer/ros2_ws/src/roboracer-autodrive/build/path_planning/build install --record /home/autroboracer/ros2_ws/src/roboracer-autodrive/build/path_planning/install.log --single-version-externally-managed install_data
